import org.junit.FixMethodOrder;
import org.junit.Test;
import org.junit.runners.MethodSorters;

@FixMethodOrder(MethodSorters.NAME_ASCENDING)
public class TestInputWithMultiplePassingAssertionsMinimized {

    // Test case with runtime exception.
    @Test
    public void test1() throws Throwable {
        int i = 0;
        // Failing assertion.
        org.junit.Assert.assertTrue(i == 8);
    }
}
