import org.junit.FixMethodOrder;
import org.junit.Test;
import org.junit.runners.MethodSorters;

@FixMethodOrder(MethodSorters.NAME_ASCENDING)
public class TestInputWithVariableReassignmentMinimized {

    // Test input with variable reassignment.
    @Test
    public void test1() throws Throwable {
    }
}
