import org.junit.FixMethodOrder;
import org.junit.Test;
import org.junit.runners.MethodSorters;

@FixMethodOrder(MethodSorters.NAME_ASCENDING)
public class TestInputWithNoFailingTestsMinimized {

    // Test input with no failing tests. The minimizer will remove all lines in the
    // method bodies.
    @Test
    public void test1() throws Throwable {
    }

    @Test
    public void test2() throws Throwable {
    }

    @Test
    public void test3() throws Throwable {
    }
}
