package test;

import org.junit.FixMethodOrder;
import org.junit.Test;
import org.junit.runners.MethodSorters;

@FixMethodOrder(MethodSorters.NAME_ASCENDING)
public class TestInput3Minimized {

    // Test simplification of right hand side values
    @Test
    public void test1() throws Throwable {
        int d = 6;
        org.junit.Assert.assertTrue(d == 7);
    }
}
